Archive member included to satisfy reference by file (symbol)

c:/st/stm32cubeide_1.12.1/stm32cubeide/plugins/com.st.stm32cube.ide.mcu.externaltools.gnu-tools-for-stm32.10.3-2021.10.win32_1.0.200.202301161003/tools/bin/../lib/gcc/arm-none-eabi/10.3.1/../../../../arm-none-eabi/lib/thumb/v7e-m+fp/hard\libc_nano.a(lib_a-errno.o)
                              ./Core/Src/syscalls.o (__errno)
c:/st/stm32cubeide_1.12.1/stm32cubeide/plugins/com.st.stm32cube.ide.mcu.externaltools.gnu-tools-for-stm32.10.3-2021.10.win32_1.0.200.202301161003/tools/bin/../lib/gcc/arm-none-eabi/10.3.1/../../../../arm-none-eabi/lib/thumb/v7e-m+fp/hard\libc_nano.a(lib_a-exit.o)
                              c:/st/stm32cubeide_1.12.1/stm32cubeide/plugins/com.st.stm32cube.ide.mcu.externaltools.gnu-tools-for-stm32.10.3-2021.10.win32_1.0.200.202301161003/tools/bin/../lib/gcc/arm-none-eabi/10.3.1/../../../../arm-none-eabi/lib/thumb/v7e-m+fp/hard/crt0.o (exit)
c:/st/stm32cubeide_1.12.1/stm32cubeide/plugins/com.st.stm32cube.ide.mcu.externaltools.gnu-tools-for-stm32.10.3-2021.10.win32_1.0.200.202301161003/tools/bin/../lib/gcc/arm-none-eabi/10.3.1/../../../../arm-none-eabi/lib/thumb/v7e-m+fp/hard\libc_nano.a(lib_a-impure.o)
                              c:/st/stm32cubeide_1.12.1/stm32cubeide/plugins/com.st.stm32cube.ide.mcu.externaltools.gnu-tools-for-stm32.10.3-2021.10.win32_1.0.200.202301161003/tools/bin/../lib/gcc/arm-none-eabi/10.3.1/../../../../arm-none-eabi/lib/thumb/v7e-m+fp/hard\libc_nano.a(lib_a-exit.o) (_global_impure_ptr)
c:/st/stm32cubeide_1.12.1/stm32cubeide/plugins/com.st.stm32cube.ide.mcu.externaltools.gnu-tools-for-stm32.10.3-2021.10.win32_1.0.200.202301161003/tools/bin/../lib/gcc/arm-none-eabi/10.3.1/../../../../arm-none-eabi/lib/thumb/v7e-m+fp/hard\libc_nano.a(lib_a-init.o)
                              c:/st/stm32cubeide_1.12.1/stm32cubeide/plugins/com.st.stm32cube.ide.mcu.externaltools.gnu-tools-for-stm32.10.3-2021.10.win32_1.0.200.202301161003/tools/bin/../lib/gcc/arm-none-eabi/10.3.1/../../../../arm-none-eabi/lib/thumb/v7e-m+fp/hard/crt0.o (__libc_init_array)
c:/st/stm32cubeide_1.12.1/stm32cubeide/plugins/com.st.stm32cube.ide.mcu.externaltools.gnu-tools-for-stm32.10.3-2021.10.win32_1.0.200.202301161003/tools/bin/../lib/gcc/arm-none-eabi/10.3.1/../../../../arm-none-eabi/lib/thumb/v7e-m+fp/hard\libc_nano.a(lib_a-memcpy-stub.o)
                              ./Core/Src/main.o (memcpy)
c:/st/stm32cubeide_1.12.1/stm32cubeide/plugins/com.st.stm32cube.ide.mcu.externaltools.gnu-tools-for-stm32.10.3-2021.10.win32_1.0.200.202301161003/tools/bin/../lib/gcc/arm-none-eabi/10.3.1/../../../../arm-none-eabi/lib/thumb/v7e-m+fp/hard\libc_nano.a(lib_a-memset.o)
                              c:/st/stm32cubeide_1.12.1/stm32cubeide/plugins/com.st.stm32cube.ide.mcu.externaltools.gnu-tools-for-stm32.10.3-2021.10.win32_1.0.200.202301161003/tools/bin/../lib/gcc/arm-none-eabi/10.3.1/../../../../arm-none-eabi/lib/thumb/v7e-m+fp/hard/crt0.o (memset)
c:/st/stm32cubeide_1.12.1/stm32cubeide/plugins/com.st.stm32cube.ide.mcu.externaltools.gnu-tools-for-stm32.10.3-2021.10.win32_1.0.200.202301161003/tools/bin/../lib/gcc/arm-none-eabi/10.3.1/thumb/v7e-m+fp/hard\libgcc.a(_aeabi_uldivmod.o)
                              ./Drivers/STM32F7xx_HAL_Driver/Src/stm32f7xx_hal_rcc.o (__aeabi_uldivmod)
c:/st/stm32cubeide_1.12.1/stm32cubeide/plugins/com.st.stm32cube.ide.mcu.externaltools.gnu-tools-for-stm32.10.3-2021.10.win32_1.0.200.202301161003/tools/bin/../lib/gcc/arm-none-eabi/10.3.1/thumb/v7e-m+fp/hard\libgcc.a(_udivmoddi4.o)
                              c:/st/stm32cubeide_1.12.1/stm32cubeide/plugins/com.st.stm32cube.ide.mcu.externaltools.gnu-tools-for-stm32.10.3-2021.10.win32_1.0.200.202301161003/tools/bin/../lib/gcc/arm-none-eabi/10.3.1/thumb/v7e-m+fp/hard\libgcc.a(_aeabi_uldivmod.o) (__udivmoddi4)
c:/st/stm32cubeide_1.12.1/stm32cubeide/plugins/com.st.stm32cube.ide.mcu.externaltools.gnu-tools-for-stm32.10.3-2021.10.win32_1.0.200.202301161003/tools/bin/../lib/gcc/arm-none-eabi/10.3.1/thumb/v7e-m+fp/hard\libgcc.a(_dvmd_tls.o)
                              c:/st/stm32cubeide_1.12.1/stm32cubeide/plugins/com.st.stm32cube.ide.mcu.externaltools.gnu-tools-for-stm32.10.3-2021.10.win32_1.0.200.202301161003/tools/bin/../lib/gcc/arm-none-eabi/10.3.1/thumb/v7e-m+fp/hard\libgcc.a(_aeabi_uldivmod.o) (__aeabi_ldiv0)

Discarded input sections

 .text          0x0000000000000000        0x0 c:/st/stm32cubeide_1.12.1/stm32cubeide/plugins/com.st.stm32cube.ide.mcu.externaltools.gnu-tools-for-stm32.10.3-2021.10.win32_1.0.200.202301161003/tools/bin/../lib/gcc/arm-none-eabi/10.3.1/thumb/v7e-m+fp/hard/crti.o
 .data          0x0000000000000000        0x0 c:/st/stm32cubeide_1.12.1/stm32cubeide/plugins/com.st.stm32cube.ide.mcu.externaltools.gnu-tools-for-stm32.10.3-2021.10.win32_1.0.200.202301161003/tools/bin/../lib/gcc/arm-none-eabi/10.3.1/thumb/v7e-m+fp/hard/crti.o
[...]
Memory Configuration

Name             Origin             Length             Attributes
RAM              0x0000000020000000 0x0000000000050000 xrw
FLASH            0x0000000008000000 0x0000000000010000 xr
*default*        0x0000000000000000 0xffffffffffffffff

Linker script and memory map

LOAD c:/st/stm32cubeide_1.12.1/stm32cubeide/plugins/com.st.stm32cube.ide.mcu.externaltools.gnu-tools-for-stm32.10.3-2021.10.win32_1.0.200.202301161003/tools/bin/../lib/gcc/arm-none-eabi/10.3.1/thumb/v7e-m+fp/hard/crti.o
LOAD c:/st/stm32cubeide_1.12.1/stm32cubeide/plugins/com.st.stm32cube.ide.mcu.externaltools.gnu-tools-for-stm32.10.3-2021.10.win32_1.0.200.202301161003/tools/bin/../lib/gcc/arm-none-eabi/10.3.1/thumb/v7e-m+fp/hard/crtbegin.o
LOAD c:/st/stm32cubeide_1.12.1/stm32cubeide/plugins/com.st.stm32cube.ide.mcu.externaltools.gnu-tools-for-stm32.10.3-2021.10.win32_1.0.200.202301161003/tools/bin/../lib/gcc/arm-none-eabi/10.3.1/../../../../arm-none-eabi/lib/thumb/v7e-m+fp/hard/crt0.o
LOAD ./Core/Src/main.o
LOAD ./Core/Src/mt48lc4m32b2.o
LOAD ./Core/Src/stm32f7xx_hal_msp.o
LOAD ./Core/Src/stm32f7xx_it.o
LOAD ./Core/Src/syscalls.o
LOAD ./Core/Src/sysmem.o
LOAD ./Core/Src/system_stm32f7xx.o
LOAD ./Core/Startup/startup_stm32f750n8hx.o
LOAD ./Drivers/STM32F7xx_HAL_Driver/Src/stm32f7xx_hal.o
LOAD ./Drivers/STM32F7xx_HAL_Driver/Src/stm32f7xx_hal_cortex.o
LOAD ./Drivers/STM32F7xx_HAL_Driver/Src/stm32f7xx_hal_dma.o
LOAD ./Drivers/STM32F7xx_HAL_Driver/Src/stm32f7xx_hal_dma_ex.o
LOAD ./Drivers/STM32F7xx_HAL_Driver/Src/stm32f7xx_hal_exti.o
LOAD ./Drivers/STM32F7xx_HAL_Driver/Src/stm32f7xx_hal_flash.o
LOAD ./Drivers/STM32F7xx_HAL_Driver/Src/stm32f7xx_hal_flash_ex.o
LOAD ./Drivers/STM32F7xx_HAL_Driver/Src/stm32f7xx_hal_gpio.o
LOAD ./Drivers/STM32F7xx_HAL_Driver/Src/stm32f7xx_hal_i2c.o
LOAD ./Drivers/STM32F7xx_HAL_Driver/Src/stm32f7xx_hal_i2c_ex.o
LOAD ./Drivers/STM32F7xx_HAL_Driver/Src/stm32f7xx_hal_pwr.o
LOAD ./Drivers/STM32F7xx_HAL_Driver/Src/stm32f7xx_hal_pwr_ex.o
LOAD ./Drivers/STM32F7xx_HAL_Driver/Src/stm32f7xx_hal_rcc.o
LOAD ./Drivers/STM32F7xx_HAL_Driver/Src/stm32f7xx_hal_rcc_ex.o
LOAD ./Drivers/STM32F7xx_HAL_Driver/Src/stm32f7xx_hal_sdram.o
LOAD ./Drivers/STM32F7xx_HAL_Driver/Src/stm32f7xx_hal_tim.o
LOAD ./Drivers/STM32F7xx_HAL_Driver/Src/stm32f7xx_hal_tim_ex.o
LOAD ./Drivers/STM32F7xx_HAL_Driver/Src/stm32f7xx_ll_fmc.o
START GROUP
LOAD c:/st/stm32cubeide_1.12.1/stm32cubeide/plugins/com.st.stm32cube.ide.mcu.externaltools.gnu-tools-for-stm32.10.3-2021.10.win32_1.0.200.202301161003/tools/bin/../lib/gcc/arm-none-eabi/10.3.1/../../../../arm-none-eabi/lib/thumb/v7e-m+fp/hard\libc_nano.a
LOAD c:/st/stm32cubeide_1.12.1/stm32cubeide/plugins/com.st.stm32cube.ide.mcu.externaltools.gnu-tools-for-stm32.10.3-2021.10.win32_1.0.200.202301161003/tools/bin/../lib/gcc/arm-none-eabi/10.3.1/../../../../arm-none-eabi/lib/thumb/v7e-m+fp/hard\libm.a
END GROUP
START GROUP
LOAD c:/st/stm32cubeide_1.12.1/stm32cubeide/plugins/com.st.stm32cube.ide.mcu.externaltools.gnu-tools-for-stm32.10.3-2021.10.win32_1.0.200.202301161003/tools/bin/../lib/gcc/arm-none-eabi/10.3.1/thumb/v7e-m+fp/hard\libgcc.a
LOAD c:/st/stm32cubeide_1.12.1/stm32cubeide/plugins/com.st.stm32cube.ide.mcu.externaltools.gnu-tools-for-stm32.10.3-2021.10.win32_1.0.200.202301161003/tools/bin/../lib/gcc/arm-none-eabi/10.3.1/../../../../arm-none-eabi/lib/thumb/v7e-m+fp/hard\libc_nano.a
END GROUP
START GROUP
LOAD c:/st/stm32cubeide_1.12.1/stm32cubeide/plugins/com.st.stm32cube.ide.mcu.externaltools.gnu-tools-for-stm32.10.3-2021.10.win32_1.0.200.202301161003/tools/bin/../lib/gcc/arm-none-eabi/10.3.1/thumb/v7e-m+fp/hard\libgcc.a
LOAD c:/st/stm32cubeide_1.12.1/stm32cubeide/plugins/com.st.stm32cube.ide.mcu.externaltools.gnu-tools-for-stm32.10.3-2021.10.win32_1.0.200.202301161003/tools/bin/../lib/gcc/arm-none-eabi/10.3.1/../../../../arm-none-eabi/lib/thumb/v7e-m+fp/hard\libc_nano.a
LOAD c:/st/stm32cubeide_1.12.1/stm32cubeide/plugins/com.st.stm32cube.ide.mcu.externaltools.gnu-tools-for-stm32.10.3-2021.10.win32_1.0.200.202301161003/tools/bin/../lib/gcc/arm-none-eabi/10.3.1/../../../../arm-none-eabi/lib/thumb/v7e-m+fp/hard\libnosys.a
END GROUP
START GROUP
LOAD c:/st/stm32cubeide_1.12.1/stm32cubeide/plugins/com.st.stm32cube.ide.mcu.externaltools.gnu-tools-for-stm32.10.3-2021.10.win32_1.0.200.202301161003/tools/bin/../lib/gcc/arm-none-eabi/10.3.1/thumb/v7e-m+fp/hard\libgcc.a
LOAD c:/st/stm32cubeide_1.12.1/stm32cubeide/plugins/com.st.stm32cube.ide.mcu.externaltools.gnu-tools-for-stm32.10.3-2021.10.win32_1.0.200.202301161003/tools/bin/../lib/gcc/arm-none-eabi/10.3.1/../../../../arm-none-eabi/lib/thumb/v7e-m+fp/hard\libc_nano.a
LOAD c:/st/stm32cubeide_1.12.1/stm32cubeide/plugins/com.st.stm32cube.ide.mcu.externaltools.gnu-tools-for-stm32.10.3-2021.10.win32_1.0.200.202301161003/tools/bin/../lib/gcc/arm-none-eabi/10.3.1/../../../../arm-none-eabi/lib/thumb/v7e-m+fp/hard\libnosys.a
END GROUP
LOAD c:/st/stm32cubeide_1.12.1/stm32cubeide/plugins/com.st.stm32cube.ide.mcu.externaltools.gnu-tools-for-stm32.10.3-2021.10.win32_1.0.200.202301161003/tools/bin/../lib/gcc/arm-none-eabi/10.3.1/thumb/v7e-m+fp/hard/crtend.o
LOAD c:/st/stm32cubeide_1.12.1/stm32cubeide/plugins/com.st.stm32cube.ide.mcu.externaltools.gnu-tools-for-stm32.10.3-2021.10.win32_1.0.200.202301161003/tools/bin/../lib/gcc/arm-none-eabi/10.3.1/thumb/v7e-m+fp/hard/crtn.o
                0x0000000020050000                _estack = (ORIGIN (RAM) + LENGTH (RAM))
                0x0000000000000200                _Min_Heap_Size = 0x200
                0x0000000000000400                _Min_Stack_Size = 0x400

.isr_vector     0x0000000008000000      0x1c8
                0x0000000008000000                . = ALIGN (0x4)
 *(.isr_vector)
 .isr_vector    0x0000000008000000      0x1c8 ./Core/Startup/startup_stm32f750n8hx.o
                0x0000000008000000                g_pfnVectors
                0x00000000080001c8                . = ALIGN (0x4)

.text           0x00000000080001c8     0x261c
                0x00000000080001c8                . = ALIGN (0x4)
 *(.text)
 .text          0x00000000080001c8       0x40 c:/st/stm32cubeide_1.12.1/stm32cubeide/plugins/com.st.stm32cube.ide.mcu.externaltools.gnu-tools-for-stm32.10.3-2021.10.win32_1.0.200.202301161003/tools/bin/../lib/gcc/arm-none-eabi/10.3.1/thumb/v7e-m+fp/hard/crtbegin.o
 .text          0x0000000008000208       0x30 c:/st/stm32cubeide_1.12.1/stm32cubeide/plugins/com.st.stm32cube.ide.mcu.externaltools.gnu-tools-for-stm32.10.3-2021.10.win32_1.0.200.202301161003/tools/bin/../lib/gcc/arm-none-eabi/10.3.1/thumb/v7e-m+fp/hard\libgcc.a(_aeabi_uldivmod.o)
                0x0000000008000208                __aeabi_uldivmod
 .text          0x0000000008000238      0x2d0 c:/st/stm32cubeide_1.12.1/stm32cubeide/plugins/com.st.stm32cube.ide.mcu.externaltools.gnu-tools-for-stm32.10.3-2021.10.win32_1.0.200.202301161003/tools/bin/../lib/gcc/arm-none-eabi/10.3.1/thumb/v7e-m+fp/hard\libgcc.a(_udivmoddi4.o)
                0x0000000008000238                __udivmoddi4
 .text          0x0000000008000508        0x4 c:/st/stm32cubeide_1.12.1/stm32cubeide/plugins/com.st.stm32cube.ide.mcu.externaltools.gnu-tools-for-stm32.10.3-2021.10.win32_1.0.200.202301161003/tools/bin/../lib/gcc/arm-none-eabi/10.3.1/thumb/v7e-m+fp/hard\libgcc.a(_dvmd_tls.o)
                0x0000000008000508                __aeabi_idiv0
                0x0000000008000508                __aeabi_ldiv0
 *(.text*)
 .text.SCB_EnableICache
                0x000000000800050c       0x4c ./Core/Src/main.o
 .text.SCB_EnableDCache
                0x0000000008000558       0x88 ./Core/Src/main.o
 .text.main     0x00000000080005e0       0x44 ./Core/Src/main.o
                0x00000000080005e0                main
 .text.SystemClock_Config
                0x0000000008000624       0xdc ./Core/Src/main.o
                0x0000000008000624                SystemClock_Config
 .text.MX_FMC_Init
                0x0000000008000700       0xdc ./Core/Src/main.o
 .text.MX_GPIO_Init
                0x00000000080007dc      0x864 ./Core/Src/main.o
 .text.Error_Handler
                0x0000000008001040        0xa ./Core/Src/main.o
                0x0000000008001040                Error_Handler
 .text.MT48LC4M32B2_Init
                0x000000000800104a       0x7e ./Core/Src/mt48lc4m32b2.o
                0x000000000800104a                MT48LC4M32B2_Init
 .text.MT48LC4M32B2_ClockEnable
                0x00000000080010c8       0x48 ./Core/Src/mt48lc4m32b2.o
                0x00000000080010c8                MT48LC4M32B2_ClockEnable
 .text.MT48LC4M32B2_Precharge
                0x0000000008001110       0x48 ./Core/Src/mt48lc4m32b2.o
                0x0000000008001110                MT48LC4M32B2_Precharge
 .text.MT48LC4M32B2_ModeRegConfig
                0x0000000008001158       0x68 ./Core/Src/mt48lc4m32b2.o
                0x0000000008001158                MT48LC4M32B2_ModeRegConfig
 .text.MT48LC4M32B2_RefreshMode
                0x00000000080011c0       0x4c ./Core/Src/mt48lc4m32b2.o
                0x00000000080011c0                MT48LC4M32B2_RefreshMode
 .text.MT48LC4M32B2_RefreshRate
                0x000000000800120c       0x28 ./Core/Src/mt48lc4m32b2.o
                0x000000000800120c                MT48LC4M32B2_RefreshRate
 .text.MT48LC4M32B2_Delay
                0x0000000008001234       0x2a ./Core/Src/mt48lc4m32b2.o
 *fill*         0x000000000800125e        0x2 
 .text.HAL_MspInit
                0x0000000008001260       0x48 ./Core/Src/stm32f7xx_hal_msp.o
                0x0000000008001260                HAL_MspInit
 .text.HAL_FMC_MspInit
                0x00000000080012a8      0x120 ./Core/Src/stm32f7xx_hal_msp.o
 .text.HAL_SDRAM_MspInit
                0x00000000080013c8       0x14 ./Core/Src/stm32f7xx_hal_msp.o
                0x00000000080013c8                HAL_SDRAM_MspInit
 .text.NMI_Handler
                0x00000000080013dc        0x6 ./Core/Src/stm32f7xx_it.o
                0x00000000080013dc                NMI_Handler
 .text.HardFault_Handler
                0x00000000080013e2        0x6 ./Core/Src/stm32f7xx_it.o
                0x00000000080013e2                HardFault_Handler
 .text.MemManage_Handler
                0x00000000080013e8        0x6 ./Core/Src/stm32f7xx_it.o
                0x00000000080013e8                MemManage_Handler
 .text.BusFault_Handler
                0x00000000080013ee        0x6 ./Core/Src/stm32f7xx_it.o
                0x00000000080013ee                BusFault_Handler
 .text.UsageFault_Handler
                0x00000000080013f4        0x6 ./Core/Src/stm32f7xx_it.o
                0x00000000080013f4                UsageFault_Handler
 .text.SVC_Handler
                0x00000000080013fa        0xe ./Core/Src/stm32f7xx_it.o
                0x00000000080013fa                SVC_Handler
 .text.DebugMon_Handler
                0x0000000008001408        0xe ./Core/Src/stm32f7xx_it.o
                0x0000000008001408                DebugMon_Handler
 .text.PendSV_Handler
                0x0000000008001416        0xe ./Core/Src/stm32f7xx_it.o
                0x0000000008001416                PendSV_Handler
 .text.SysTick_Handler
                0x0000000008001424        0xc ./Core/Src/stm32f7xx_it.o
                0x0000000008001424                SysTick_Handler
 .text.SystemInit
                0x0000000008001430       0x24 ./Core/Src/system_stm32f7xx.o
                0x0000000008001430                SystemInit
 .text.Reset_Handler
                0x0000000008001454       0x50 ./Core/Startup/startup_stm32f750n8hx.o
                0x0000000008001454                Reset_Handler
 .text.Default_Handler
                0x00000000080014a4        0x2 ./Core/Startup/startup_stm32f750n8hx.o
                0x00000000080014a4                RTC_Alarm_IRQHandler
                0x00000000080014a4                HASH_RNG_IRQHandler
                0x00000000080014a4                EXTI2_IRQHandler
                0x00000000080014a4                TIM8_CC_IRQHandler
                0x00000000080014a4                UART8_IRQHandler
                0x00000000080014a4                SPI4_IRQHandler
                0x00000000080014a4                TIM1_CC_IRQHandler
                0x00000000080014a4                DMA2_Stream5_IRQHandler
                0x00000000080014a4                DMA1_Stream5_IRQHandler
                0x00000000080014a4                PVD_IRQHandler
                0x00000000080014a4                TAMP_STAMP_IRQHandler
                0x00000000080014a4                CAN2_RX1_IRQHandler
                0x00000000080014a4                EXTI3_IRQHandler
                0x00000000080014a4                TIM8_TRG_COM_TIM14_IRQHandler
                0x00000000080014a4                TIM1_UP_TIM10_IRQHandler
                0x00000000080014a4                TIM8_UP_TIM13_IRQHandler
                0x00000000080014a4                I2C3_ER_IRQHandler
                0x00000000080014a4                EXTI0_IRQHandler
                0x00000000080014a4                I2C2_EV_IRQHandler
                0x00000000080014a4                DMA1_Stream2_IRQHandler
                0x00000000080014a4                CAN1_RX0_IRQHandler
                0x00000000080014a4                FPU_IRQHandler
                0x00000000080014a4                OTG_HS_WKUP_IRQHandler
                0x00000000080014a4                LTDC_ER_IRQHandler
                0x00000000080014a4                CAN2_SCE_IRQHandler
                0x00000000080014a4                DMA2_Stream2_IRQHandler
                0x00000000080014a4                SPI1_IRQHandler
                0x00000000080014a4                TIM6_DAC_IRQHandler
                0x00000000080014a4                TIM1_BRK_TIM9_IRQHandler
                0x00000000080014a4                DCMI_IRQHandler
                0x00000000080014a4                CAN2_RX0_IRQHandler
                0x00000000080014a4                DMA2_Stream3_IRQHandler
                0x00000000080014a4                SAI2_IRQHandler
                0x00000000080014a4                USART6_IRQHandler
                0x00000000080014a4                USART3_IRQHandler
                0x00000000080014a4                CRYP_IRQHandler
                0x00000000080014a4                CAN1_RX1_IRQHandler
                0x00000000080014a4                UART5_IRQHandler
                0x00000000080014a4                DMA2_Stream0_IRQHandler
                0x00000000080014a4                TIM4_IRQHandler
                0x00000000080014a4                QUADSPI_IRQHandler
                0x00000000080014a4                I2C1_EV_IRQHandler
                0x00000000080014a4                DMA1_Stream6_IRQHandler
                0x00000000080014a4                DMA1_Stream1_IRQHandler
                0x00000000080014a4                UART4_IRQHandler
                0x00000000080014a4                TIM3_IRQHandler
                0x00000000080014a4                RCC_IRQHandler
                0x00000000080014a4                TIM8_BRK_TIM12_IRQHandler
                0x00000000080014a4                Default_Handler
                0x00000000080014a4                CEC_IRQHandler
                0x00000000080014a4                EXTI15_10_IRQHandler
                0x00000000080014a4                ADC_IRQHandler
                0x00000000080014a4                DMA1_Stream7_IRQHandler
                0x00000000080014a4                SPI5_IRQHandler
                0x00000000080014a4                TIM7_IRQHandler
                0x00000000080014a4                SDMMC1_IRQHandler
                0x00000000080014a4                CAN2_TX_IRQHandler
                0x00000000080014a4                TIM5_IRQHandler
                0x00000000080014a4                DMA2_Stream7_IRQHandler
                0x00000000080014a4                I2C3_EV_IRQHandler
                0x00000000080014a4                EXTI9_5_IRQHandler
                0x00000000080014a4                RTC_WKUP_IRQHandler
                0x00000000080014a4                LTDC_IRQHandler
                0x00000000080014a4                ETH_WKUP_IRQHandler
                0x00000000080014a4                SPDIF_RX_IRQHandler
                0x00000000080014a4                SPI2_IRQHandler
                0x00000000080014a4                OTG_HS_EP1_IN_IRQHandler
                0x00000000080014a4                DMA1_Stream0_IRQHandler
                0x00000000080014a4                CAN1_TX_IRQHandler
                0x00000000080014a4                EXTI4_IRQHandler
                0x00000000080014a4                ETH_IRQHandler
                0x00000000080014a4                OTG_HS_EP1_OUT_IRQHandler
                0x00000000080014a4                WWDG_IRQHandler
                0x00000000080014a4                SPI6_IRQHandler
                0x00000000080014a4                I2C4_EV_IRQHandler
                0x00000000080014a4                TIM2_IRQHandler
                0x00000000080014a4                OTG_FS_WKUP_IRQHandler
                0x00000000080014a4                TIM1_TRG_COM_TIM11_IRQHandler
                0x00000000080014a4                OTG_HS_IRQHandler
                0x00000000080014a4                DMA2D_IRQHandler
                0x00000000080014a4                EXTI1_IRQHandler
                0x00000000080014a4                UART7_IRQHandler
                0x00000000080014a4                USART2_IRQHandler
                0x00000000080014a4                I2C2_ER_IRQHandler
                0x00000000080014a4                DMA2_Stream1_IRQHandler
                0x00000000080014a4                CAN1_SCE_IRQHandler
                0x00000000080014a4                FLASH_IRQHandler
                0x00000000080014a4                DMA2_Stream4_IRQHandler
                0x00000000080014a4                USART1_IRQHandler
                0x00000000080014a4                OTG_FS_IRQHandler
                0x00000000080014a4                SPI3_IRQHandler
                0x00000000080014a4                DMA1_Stream4_IRQHandler
                0x00000000080014a4                I2C1_ER_IRQHandler
                0x00000000080014a4                FMC_IRQHandler
                0x00000000080014a4                LPTIM1_IRQHandler
                0x00000000080014a4                I2C4_ER_IRQHandler
                0x00000000080014a4                DMA2_Stream6_IRQHandler
                0x00000000080014a4                SAI1_IRQHandler
                0x00000000080014a4                DMA1_Stream3_IRQHandler
 .text.HAL_Init
                0x00000000080014a6       0x1a ./Drivers/STM32F7xx_HAL_Driver/Src/stm32f7xx_hal.o
                0x00000000080014a6                HAL_Init
 .text.HAL_InitTick
                0x00000000080014c0       0x60 ./Drivers/STM32F7xx_HAL_Driver/Src/stm32f7xx_hal.o
                0x00000000080014c0                HAL_InitTick
 .text.HAL_IncTick
                0x0000000008001520       0x28 ./Drivers/STM32F7xx_HAL_Driver/Src/stm32f7xx_hal.o
                0x0000000008001520                HAL_IncTick
 .text.HAL_GetTick
                0x0000000008001548       0x18 ./Drivers/STM32F7xx_HAL_Driver/Src/stm32f7xx_hal.o
                0x0000000008001548                HAL_GetTick
 .text.__NVIC_SetPriorityGrouping
                0x0000000008001560       0x48 ./Drivers/STM32F7xx_HAL_Driver/Src/stm32f7xx_hal_cortex.o
 .text.__NVIC_GetPriorityGrouping
                0x00000000080015a8       0x1c ./Drivers/STM32F7xx_HAL_Driver/Src/stm32f7xx_hal_cortex.o
 .text.__NVIC_SetPriority
                0x00000000080015c4       0x54 ./Drivers/STM32F7xx_HAL_Driver/Src/stm32f7xx_hal_cortex.o
 .text.NVIC_EncodePriority
                0x0000000008001618       0x66 ./Drivers/STM32F7xx_HAL_Driver/Src/stm32f7xx_hal_cortex.o
 *fill*         0x000000000800167e        0x2 
 .text.SysTick_Config
                0x0000000008001680       0x44 ./Drivers/STM32F7xx_HAL_Driver/Src/stm32f7xx_hal_cortex.o
 .text.HAL_NVIC_SetPriorityGrouping
                0x00000000080016c4       0x16 ./Drivers/STM32F7xx_HAL_Driver/Src/stm32f7xx_hal_cortex.o
                0x00000000080016c4                HAL_NVIC_SetPriorityGrouping
 .text.HAL_NVIC_SetPriority
                0x00000000080016da       0x38 ./Drivers/STM32F7xx_HAL_Driver/Src/stm32f7xx_hal_cortex.o
                0x00000000080016da                HAL_NVIC_SetPriority
 .text.HAL_SYSTICK_Config
                0x0000000008001712       0x18 ./Drivers/STM32F7xx_HAL_Driver/Src/stm32f7xx_hal_cortex.o
                0x0000000008001712                HAL_SYSTICK_Config
 *fill*         0x000000000800172a        0x2 
 .text.HAL_GPIO_Init
                0x000000000800172c      0x358 ./Drivers/STM32F7xx_HAL_Driver/Src/stm32f7xx_hal_gpio.o
                0x000000000800172c                HAL_GPIO_Init
 .text.HAL_GPIO_WritePin
                0x0000000008001a84       0x32 ./Drivers/STM32F7xx_HAL_Driver/Src/stm32f7xx_hal_gpio.o
                0x0000000008001a84                HAL_GPIO_WritePin
 *fill*         0x0000000008001ab6        0x2 
 .text.HAL_PWREx_EnableOverDrive
                0x0000000008001ab8       0xa0 ./Drivers/STM32F7xx_HAL_Driver/Src/stm32f7xx_hal_pwr_ex.o
                0x0000000008001ab8                HAL_PWREx_EnableOverDrive
 .text.HAL_RCC_OscConfig
                0x0000000008001b58      0x548 ./Drivers/STM32F7xx_HAL_Driver/Src/stm32f7xx_hal_rcc.o
                0x0000000008001b58                HAL_RCC_OscConfig
 .text.HAL_RCC_ClockConfig
                0x00000000080020a0      0x1d8 ./Drivers/STM32F7xx_HAL_Driver/Src/stm32f7xx_hal_rcc.o
                0x00000000080020a0                HAL_RCC_ClockConfig
 .text.HAL_RCC_GetSysClockFreq
                0x0000000008002278      0x18c ./Drivers/STM32F7xx_HAL_Driver/Src/stm32f7xx_hal_rcc.o
                0x0000000008002278                HAL_RCC_GetSysClockFreq
 .text.HAL_SDRAM_Init
                0x0000000008002404       0x68 ./Drivers/STM32F7xx_HAL_Driver/Src/stm32f7xx_hal_sdram.o
                0x0000000008002404                HAL_SDRAM_Init
 .text.HAL_SDRAM_SendCommand
                0x000000000800246c       0x56 ./Drivers/STM32F7xx_HAL_Driver/Src/stm32f7xx_hal_sdram.o
                0x000000000800246c                HAL_SDRAM_SendCommand
 .text.HAL_SDRAM_ProgramRefreshRate
                0x00000000080024c2       0x40 ./Drivers/STM32F7xx_HAL_Driver/Src/stm32f7xx_hal_sdram.o
                0x00000000080024c2                HAL_SDRAM_ProgramRefreshRate
 *fill*         0x0000000008002502        0x2 
 .text.FMC_SDRAM_Init
                0x0000000008002504       0xe4 ./Drivers/STM32F7xx_HAL_Driver/Src/stm32f7xx_ll_fmc.o
                0x0000000008002504                FMC_SDRAM_Init
 .text.FMC_SDRAM_Timing_Init
                0x00000000080025e8      0x100 ./Drivers/STM32F7xx_HAL_Driver/Src/stm32f7xx_ll_fmc.o
                0x00000000080025e8                FMC_SDRAM_Timing_Init
 .text.FMC_SDRAM_SendCommand
                0x00000000080026e8       0x48 ./Drivers/STM32F7xx_HAL_Driver/Src/stm32f7xx_ll_fmc.o
                0x00000000080026e8                FMC_SDRAM_SendCommand
 .text.FMC_SDRAM_ProgramRefreshRate
                0x0000000008002730       0x26 ./Drivers/STM32F7xx_HAL_Driver/Src/stm32f7xx_ll_fmc.o
                0x0000000008002730                FMC_SDRAM_ProgramRefreshRate
 *fill*         0x0000000008002756        0x2 
 .text.__libc_init_array
                0x0000000008002758       0x48 c:/st/stm32cubeide_1.12.1/stm32cubeide/plugins/com.st.stm32cube.ide.mcu.externaltools.gnu-tools-for-stm32.10.3-2021.10.win32_1.0.200.202301161003/tools/bin/../lib/gcc/arm-none-eabi/10.3.1/../../../../arm-none-eabi/lib/thumb/v7e-m+fp/hard\libc_nano.a(lib_a-init.o)
                0x0000000008002758                __libc_init_array
 .text.memcpy   0x00000000080027a0       0x1c c:/st/stm32cubeide_1.12.1/stm32cubeide/plugins/com.st.stm32cube.ide.mcu.externaltools.gnu-tools-for-stm32.10.3-2021.10.win32_1.0.200.202301161003/tools/bin/../lib/gcc/arm-none-eabi/10.3.1/../../../../arm-none-eabi/lib/thumb/v7e-m+fp/hard\libc_nano.a(lib_a-memcpy-stub.o)
                0x00000000080027a0                memcpy
 .text.memset   0x00000000080027bc       0x10 c:/st/stm32cubeide_1.12.1/stm32cubeide/plugins/com.st.stm32cube.ide.mcu.externaltools.gnu-tools-for-stm32.10.3-2021.10.win32_1.0.200.202301161003/tools/bin/../lib/gcc/arm-none-eabi/10.3.1/../../../../arm-none-eabi/lib/thumb/v7e-m+fp/hard\libc_nano.a(lib_a-memset.o)
                0x00000000080027bc                memset
 *(.glue_7)
 .glue_7        0x00000000080027cc        0x0 linker stubs
 *(.glue_7t)
 .glue_7t       0x00000000080027cc        0x0 linker stubs
 *(.eh_frame)
 .eh_frame      0x00000000080027cc        0x0 c:/st/stm32cubeide_1.12.1/stm32cubeide/plugins/com.st.stm32cube.ide.mcu.externaltools.gnu-tools-for-stm32.10.3-2021.10.win32_1.0.200.202301161003/tools/bin/../lib/gcc/arm-none-eabi/10.3.1/thumb/v7e-m+fp/hard/crtbegin.o
 *(.init)
 .init          0x00000000080027cc        0x4 c:/st/stm32cubeide_1.12.1/stm32cubeide/plugins/com.st.stm32cube.ide.mcu.externaltools.gnu-tools-for-stm32.10.3-2021.10.win32_1.0.200.202301161003/tools/bin/../lib/gcc/arm-none-eabi/10.3.1/thumb/v7e-m+fp/hard/crti.o
                0x00000000080027cc                _init
 .init          0x00000000080027d0        0x8 c:/st/stm32cubeide_1.12.1/stm32cubeide/plugins/com.st.stm32cube.ide.mcu.externaltools.gnu-tools-for-stm32.10.3-2021.10.win32_1.0.200.202301161003/tools/bin/../lib/gcc/arm-none-eabi/10.3.1/thumb/v7e-m+fp/hard/crtn.o
 *(.fini)
 .fini          0x00000000080027d8        0x4 c:/st/stm32cubeide_1.12.1/stm32cubeide/plugins/com.st.stm32cube.ide.mcu.externaltools.gnu-tools-for-stm32.10.3-2021.10.win32_1.0.200.202301161003/tools/bin/../lib/gcc/arm-none-eabi/10.3.1/thumb/v7e-m+fp/hard/crti.o
                0x00000000080027d8                _fini
 .fini          0x00000000080027dc        0x8 c:/st/stm32cubeide_1.12.1/stm32cubeide/plugins/com.st.stm32cube.ide.mcu.externaltools.gnu-tools-for-stm32.10.3-2021.10.win32_1.0.200.202301161003/tools/bin/../lib/gcc/arm-none-eabi/10.3.1/thumb/v7e-m+fp/hard/crtn.o
                0x00000000080027e4                . = ALIGN (0x4)
                0x00000000080027e4                _etext = .

.vfp11_veneer   0x00000000080027e4        0x0
 .vfp11_veneer  0x00000000080027e4        0x0 linker stubs

.v4_bx          0x00000000080027e4        0x0
 .v4_bx         0x00000000080027e4        0x0 linker stubs

.iplt           0x00000000080027e4        0x0
 .iplt          0x00000000080027e4        0x0 c:/st/stm32cubeide_1.12.1/stm32cubeide/plugins/com.st.stm32cube.ide.mcu.externaltools.gnu-tools-for-stm32.10.3-2021.10.win32_1.0.200.202301161003/tools/bin/../lib/gcc/arm-none-eabi/10.3.1/thumb/v7e-m+fp/hard/crtbegin.o

.rodata         0x00000000080027e4       0x10
                0x00000000080027e4                . = ALIGN (0x4)
 *(.rodata)
 *(.rodata*)
 .rodata.AHBPrescTable
                0x00000000080027e4       0x10 ./Core/Src/system_stm32f7xx.o
                0x00000000080027e4                AHBPrescTable
                0x00000000080027f4                . = ALIGN (0x4)

.ARM.extab      0x00000000080027f4        0x0
                0x00000000080027f4                . = ALIGN (0x4)
 *(.ARM.extab* .gnu.linkonce.armextab.*)
                0x00000000080027f4                . = ALIGN (0x4)

.ARM            0x00000000080027f4        0x8
                0x00000000080027f4                . = ALIGN (0x4)
                0x00000000080027f4                __exidx_start = .
 *(.ARM.exidx*)
 .ARM.exidx     0x00000000080027f4        0x8 c:/st/stm32cubeide_1.12.1/stm32cubeide/plugins/com.st.stm32cube.ide.mcu.externaltools.gnu-tools-for-stm32.10.3-2021.10.win32_1.0.200.202301161003/tools/bin/../lib/gcc/arm-none-eabi/10.3.1/thumb/v7e-m+fp/hard\libgcc.a(_udivmoddi4.o)
                0x00000000080027fc                __exidx_end = .
                0x00000000080027fc                . = ALIGN (0x4)

.rel.dyn        0x00000000080027fc        0x0
 .rel.iplt      0x00000000080027fc        0x0 c:/st/stm32cubeide_1.12.1/stm32cubeide/plugins/com.st.stm32cube.ide.mcu.externaltools.gnu-tools-for-stm32.10.3-2021.10.win32_1.0.200.202301161003/tools/bin/../lib/gcc/arm-none-eabi/10.3.1/thumb/v7e-m+fp/hard/crtbegin.o

.preinit_array  0x00000000080027fc        0x0
                0x00000000080027fc                . = ALIGN (0x4)
                0x00000000080027fc                PROVIDE (__preinit_array_start = .)
 *(.preinit_array*)
                0x00000000080027fc                PROVIDE (__preinit_array_end = .)
                0x00000000080027fc                . = ALIGN (0x4)

.init_array     0x00000000080027fc        0x4
                0x00000000080027fc                . = ALIGN (0x4)
                0x00000000080027fc                PROVIDE (__init_array_start = .)
 *(SORT_BY_NAME(.init_array.*))
 *(.init_array*)
 .init_array    0x00000000080027fc        0x4 c:/st/stm32cubeide_1.12.1/stm32cubeide/plugins/com.st.stm32cube.ide.mcu.externaltools.gnu-tools-for-stm32.10.3-2021.10.win32_1.0.200.202301161003/tools/bin/../lib/gcc/arm-none-eabi/10.3.1/thumb/v7e-m+fp/hard/crtbegin.o
                0x0000000008002800                PROVIDE (__init_array_end = .)
                0x0000000008002800                . = ALIGN (0x4)

.fini_array     0x0000000008002800        0x4
                0x0000000008002800                . = ALIGN (0x4)
                [!provide]                        PROVIDE (__fini_array_start = .)
 *(SORT_BY_NAME(.fini_array.*))
 *(.fini_array*)
 .fini_array    0x0000000008002800        0x4 c:/st/stm32cubeide_1.12.1/stm32cubeide/plugins/com.st.stm32cube.ide.mcu.externaltools.gnu-tools-for-stm32.10.3-2021.10.win32_1.0.200.202301161003/tools/bin/../lib/gcc/arm-none-eabi/10.3.1/thumb/v7e-m+fp/hard/crtbegin.o
                [!provide]                        PROVIDE (__fini_array_end = .)
                0x0000000008002804                . = ALIGN (0x4)
                0x0000000008002804                _sidata = LOADADDR (.data)

.data           0x0000000020000000       0x14 load address 0x0000000008002804
                0x0000000020000000                . = ALIGN (0x4)
                0x0000000020000000                _sdata = .
 *(.data)
 *(.data*)
 .data.wdata    0x0000000020000000        0x5 ./Core/Src/main.o
                0x0000000020000000                wdata
 *fill*         0x0000000020000005        0x3 
 .data.SystemCoreClock
                0x0000000020000008        0x4 ./Core/Src/system_stm32f7xx.o
                0x0000000020000008                SystemCoreClock
 .data.uwTickPrio
                0x000000002000000c        0x4 ./Drivers/STM32F7xx_HAL_Driver/Src/stm32f7xx_hal.o
                0x000000002000000c                uwTickPrio
 .data.uwTickFreq
                0x0000000020000010        0x1 ./Drivers/STM32F7xx_HAL_Driver/Src/stm32f7xx_hal.o
                0x0000000020000010                uwTickFreq
 *(.RamFunc)
 *(.RamFunc*)
                0x0000000020000014                . = ALIGN (0x4)
 *fill*         0x0000000020000011        0x3 
                0x0000000020000014                _edata = .

.igot.plt       0x0000000020000014        0x0 load address 0x0000000008002818
 .igot.plt      0x0000000020000014        0x0 c:/st/stm32cubeide_1.12.1/stm32cubeide/plugins/com.st.stm32cube.ide.mcu.externaltools.gnu-tools-for-stm32.10.3-2021.10.win32_1.0.200.202301161003/tools/bin/../lib/gcc/arm-none-eabi/10.3.1/thumb/v7e-m+fp/hard/crtbegin.o
                0x0000000020000014                . = ALIGN (0x4)

.bss            0x0000000020000014       0x74 load address 0x0000000008002818
                0x0000000020000014                _sbss = .
                0x0000000020000014                __bss_start__ = _sbss
 *(.bss)
 .bss           0x0000000020000014       0x1c c:/st/stm32cubeide_1.12.1/stm32cubeide/plugins/com.st.stm32cube.ide.mcu.externaltools.gnu-tools-for-stm32.10.3-2021.10.win32_1.0.200.202301161003/tools/bin/../lib/gcc/arm-none-eabi/10.3.1/thumb/v7e-m+fp/hard/crtbegin.o
 *(.bss*)
 .bss.hsdram1   0x0000000020000030       0x34 ./Core/Src/main.o
                0x0000000020000030                hsdram1
 .bss.rdata     0x0000000020000064        0xa ./Core/Src/main.o
                0x0000000020000064                rdata
 *fill*         0x000000002000006e        0x2 
 .bss.Command   0x0000000020000070       0x10 ./Core/Src/mt48lc4m32b2.o
 .bss.FMC_Initialized
                0x0000000020000080        0x4 ./Core/Src/stm32f7xx_hal_msp.o
 .bss.uwTick    0x0000000020000084        0x4 ./Drivers/STM32F7xx_HAL_Driver/Src/stm32f7xx_hal.o
                0x0000000020000084                uwTick
 *(COMMON)
                0x0000000020000088                . = ALIGN (0x4)
                0x0000000020000088                _ebss = .
                0x0000000020000088                __bss_end__ = _ebss

._user_heap_stack
                0x0000000020000088      0x600 load address 0x0000000008002818
                0x0000000020000088                . = ALIGN (0x8)
                [!provide]                        PROVIDE (end = .)
                0x0000000020000088                PROVIDE (_end = .)
                0x0000000020000288                . = (. + _Min_Heap_Size)
 *fill*         0x0000000020000088      0x200 
                0x0000000020000688                . = (. + _Min_Stack_Size)
 *fill*         0x0000000020000288      0x400 
                0x0000000020000688                . = ALIGN (0x8)

/DISCARD/
 libc.a(*)
 libm.a(*)
 libgcc.a(*)

.ARM.attributes
                0x0000000000000000       0x30
 *(.ARM.attributes)
 .ARM.attributes
                0x0000000000000000       0x1e c:/st/stm32cubeide_1.12.1/stm32cubeide/plugins/com.st.stm32cube.ide.mcu.externaltools.gnu-tools-for-stm32.10.3-2021.10.win32_1.0.200.202301161003/tools/bin/../lib/gcc/arm-none-eabi/10.3.1/thumb/v7e-m+fp/hard/crti.o
 .ARM.attributes
                0x000000000000001e       0x34 c:/st/stm32cubeide_1.12.1/stm32cubeide/plugins/com.st.stm32cube.ide.mcu.externaltools.gnu-tools-for-stm32.10.3-2021.10.win32_1.0.200.202301161003/tools/bin/../lib/gcc/arm-none-eabi/10.3.1/thumb/v7e-m+fp/hard/crtbegin.o
 .ARM.attributes
                0x0000000000000052       0x34 ./Core/Src/main.o
 .ARM.attributes
                0x0000000000000086       0x34 ./Core/Src/mt48lc4m32b2.o
 .ARM.attributes
                0x00000000000000ba       0x34 ./Core/Src/stm32f7xx_hal_msp.o
 .ARM.attributes
                0x00000000000000ee       0x34 ./Core/Src/stm32f7xx_it.o
 .ARM.attributes
                0x0000000000000122       0x34 ./Core/Src/system_stm32f7xx.o
 .ARM.attributes
                0x0000000000000156       0x21 ./Core/Startup/startup_stm32f750n8hx.o
 .ARM.attributes
                0x0000000000000177       0x34 ./Drivers/STM32F7xx_HAL_Driver/Src/stm32f7xx_hal.o
 .ARM.attributes
                0x00000000000001ab       0x34 ./Drivers/STM32F7xx_HAL_Driver/Src/stm32f7xx_hal_cortex.o
 .ARM.attributes
                0x00000000000001df       0x34 ./Drivers/STM32F7xx_HAL_Driver/Src/stm32f7xx_hal_gpio.o
 .ARM.attributes
                0x0000000000000213       0x34 ./Drivers/STM32F7xx_HAL_Driver/Src/stm32f7xx_hal_pwr_ex.o
 .ARM.attributes
                0x0000000000000247       0x34 ./Drivers/STM32F7xx_HAL_Driver/Src/stm32f7xx_hal_rcc.o
 .ARM.attributes
                0x000000000000027b       0x34 ./Drivers/STM32F7xx_HAL_Driver/Src/stm32f7xx_hal_sdram.o
 .ARM.attributes
                0x00000000000002af       0x34 ./Drivers/STM32F7xx_HAL_Driver/Src/stm32f7xx_ll_fmc.o
 .ARM.attributes
                0x00000000000002e3       0x34 c:/st/stm32cubeide_1.12.1/stm32cubeide/plugins/com.st.stm32cube.ide.mcu.externaltools.gnu-tools-for-stm32.10.3-2021.10.win32_1.0.200.202301161003/tools/bin/../lib/gcc/arm-none-eabi/10.3.1/../../../../arm-none-eabi/lib/thumb/v7e-m+fp/hard\libc_nano.a(lib_a-init.o)
 .ARM.attributes
                0x0000000000000317       0x34 c:/st/stm32cubeide_1.12.1/stm32cubeide/plugins/com.st.stm32cube.ide.mcu.externaltools.gnu-tools-for-stm32.10.3-2021.10.win32_1.0.200.202301161003/tools/bin/../lib/gcc/arm-none-eabi/10.3.1/../../../../arm-none-eabi/lib/thumb/v7e-m+fp/hard\libc_nano.a(lib_a-memcpy-stub.o)
 .ARM.attributes
                0x000000000000034b       0x34 c:/st/stm32cubeide_1.12.1/stm32cubeide/plugins/com.st.stm32cube.ide.mcu.externaltools.gnu-tools-for-stm32.10.3-2021.10.win32_1.0.200.202301161003/tools/bin/../lib/gcc/arm-none-eabi/10.3.1/../../../../arm-none-eabi/lib/thumb/v7e-m+fp/hard\libc_nano.a(lib_a-memset.o)
 .ARM.attributes
                0x000000000000037f       0x1e c:/st/stm32cubeide_1.12.1/stm32cubeide/plugins/com.st.stm32cube.ide.mcu.externaltools.gnu-tools-for-stm32.10.3-2021.10.win32_1.0.200.202301161003/tools/bin/../lib/gcc/arm-none-eabi/10.3.1/thumb/v7e-m+fp/hard\libgcc.a(_aeabi_uldivmod.o)
 .ARM.attributes
                0x000000000000039d       0x34 c:/st/stm32cubeide_1.12.1/stm32cubeide/plugins/com.st.stm32cube.ide.mcu.externaltools.gnu-tools-for-stm32.10.3-2021.10.win32_1.0.200.202301161003/tools/bin/../lib/gcc/arm-none-eabi/10.3.1/thumb/v7e-m+fp/hard\libgcc.a(_udivmoddi4.o)
 .ARM.attributes
                0x00000000000003d1       0x1e c:/st/stm32cubeide_1.12.1/stm32cubeide/plugins/com.st.stm32cube.ide.mcu.externaltools.gnu-tools-for-stm32.10.3-2021.10.win32_1.0.200.202301161003/tools/bin/../lib/gcc/arm-none-eabi/10.3.1/thumb/v7e-m+fp/hard\libgcc.a(_dvmd_tls.o)
 .ARM.attributes
                0x00000000000003ef       0x1e c:/st/stm32cubeide_1.12.1/stm32cubeide/plugins/com.st.stm32cube.ide.mcu.externaltools.gnu-tools-for-stm32.10.3-2021.10.win32_1.0.200.202301161003/tools/bin/../lib/gcc/arm-none-eabi/10.3.1/thumb/v7e-m+fp/hard/crtn.o
OUTPUT(SDRAM_F750.elf elf32-littlearm)
LOAD linker stubs
LOAD c:/st/stm32cubeide_1.12.1/stm32cubeide/plugins/com.st.stm32cube.ide.mcu.externaltools.gnu-tools-for-stm32.10.3-2021.10.win32_1.0.200.202301161003/tools/bin/../lib/gcc/arm-none-eabi/10.3.1/../../../../arm-none-eabi/lib/thumb/v7e-m+fp/hard\libc.a
LOAD c:/st/stm32cubeide_1.12.1/stm32cubeide/plugins/com.st.stm32cube.ide.mcu.externaltools.gnu-tools-for-stm32.10.3-2021.10.win32_1.0.200.202301161003/tools/bin/../lib/gcc/arm-none-eabi/10.3.1/../../../../arm-none-eabi/lib/thumb/v7e-m+fp/hard\libm.a
LOAD c:/st/stm32cubeide_1.12.1/stm32cubeide/plugins/com.st.stm32cube.ide.mcu.externaltools.gnu-tools-for-stm32.10.3-2021.10.win32_1.0.200.202301161003/tools/bin/../lib/gcc/arm-none-eabi/10.3.1/thumb/v7e-m+fp/hard\libgcc.a

.debug_info     0x0000000000000000     0x7d83
 .debug_info    0x0000000000000000     0x1336 ./Core/Src/main.o
 .debug_info    0x0000000000001336      0x98d ./Core/Src/mt48lc4m32b2.o
 .debug_info    0x0000000000001cc3      0x927 ./Core/Src/stm32f7xx_hal_msp.o
 .debug_info    0x00000000000025ea      0x121 ./Core/Src/stm32f7xx_it.o
 .debug_info    0x000000000000270b      0x72c ./Core/Src/system_stm32f7xx.o
 .debug_info    0x0000000000002e37       0x22 ./Core/Startup/startup_stm32f750n8hx.o
 .debug_info    0x0000000000002e59      0xa12 ./Drivers/STM32F7xx_HAL_Driver/Src/stm32f7xx_hal.o
 .debug_info    0x000000000000386b     0x1060 ./Drivers/STM32F7xx_HAL_Driver/Src/stm32f7xx_hal_cortex.o
 .debug_info    0x00000000000048cb      0x794 ./Drivers/STM32F7xx_HAL_Driver/Src/stm32f7xx_hal_gpio.o
 .debug_info    0x000000000000505f      0x92e ./Drivers/STM32F7xx_HAL_Driver/Src/stm32f7xx_hal_pwr_ex.o
 .debug_info    0x000000000000598d      0x99c ./Drivers/STM32F7xx_HAL_Driver/Src/stm32f7xx_hal_rcc.o
 .debug_info    0x0000000000006329      0xdb9 ./Drivers/STM32F7xx_HAL_Driver/Src/stm32f7xx_hal_sdram.o
 .debug_info    0x00000000000070e2      0xca1 ./Drivers/STM32F7xx_HAL_Driver/Src/stm32f7xx_ll_fmc.o

.debug_abbrev   0x0000000000000000     0x172d
 .debug_abbrev  0x0000000000000000      0x29b ./Core/Src/main.o
 .debug_abbrev  0x000000000000029b      0x219 ./Core/Src/mt48lc4m32b2.o
 .debug_abbrev  0x00000000000004b4      0x1f3 ./Core/Src/stm32f7xx_hal_msp.o
 .debug_abbrev  0x00000000000006a7       0x74 ./Core/Src/stm32f7xx_it.o
 .debug_abbrev  0x000000000000071b      0x136 ./Core/Src/system_stm32f7xx.o
 .debug_abbrev  0x0000000000000851       0x12 ./Core/Startup/startup_stm32f750n8hx.o
 .debug_abbrev  0x0000000000000863      0x20d ./Drivers/STM32F7xx_HAL_Driver/Src/stm32f7xx_hal.o
 .debug_abbrev  0x0000000000000a70      0x316 ./Drivers/STM32F7xx_HAL_Driver/Src/stm32f7xx_hal_cortex.o
 .debug_abbrev  0x0000000000000d86      0x1c4 ./Drivers/STM32F7xx_HAL_Driver/Src/stm32f7xx_hal_gpio.o
 .debug_abbrev  0x0000000000000f4a      0x1cb ./Drivers/STM32F7xx_HAL_Driver/Src/stm32f7xx_hal_pwr_ex.o
 .debug_abbrev  0x0000000000001115      0x27b ./Drivers/STM32F7xx_HAL_Driver/Src/stm32f7xx_hal_rcc.o
 .debug_abbrev  0x0000000000001390      0x227 ./Drivers/STM32F7xx_HAL_Driver/Src/stm32f7xx_hal_sdram.o
 .debug_abbrev  0x00000000000015b7      0x176 ./Drivers/STM32F7xx_HAL_Driver/Src/stm32f7xx_ll_fmc.o

.debug_aranges  0x0000000000000000      0x6c0
 .debug_aranges
                0x0000000000000000       0x50 ./Core/Src/main.o
 .debug_aranges
                0x0000000000000050       0x70 ./Core/Src/mt48lc4m32b2.o
 .debug_aranges
                0x00000000000000c0       0x40 ./Core/Src/stm32f7xx_hal_msp.o
 .debug_aranges
                0x0000000000000100       0x60 ./Core/Src/stm32f7xx_it.o
 .debug_aranges
                0x0000000000000160       0x28 ./Core/Src/system_stm32f7xx.o
 .debug_aranges
                0x0000000000000188       0x28 ./Core/Startup/startup_stm32f750n8hx.o
 .debug_aranges
                0x00000000000001b0      0x100 ./Drivers/STM32F7xx_HAL_Driver/Src/stm32f7xx_hal.o
 .debug_aranges
                0x00000000000002b0      0x118 ./Drivers/STM32F7xx_HAL_Driver/Src/stm32f7xx_hal_cortex.o
 .debug_aranges
                0x00000000000003c8       0x58 ./Drivers/STM32F7xx_HAL_Driver/Src/stm32f7xx_hal_gpio.o
 .debug_aranges
                0x0000000000000420       0x80 ./Drivers/STM32F7xx_HAL_Driver/Src/stm32f7xx_hal_pwr_ex.o
 .debug_aranges
                0x00000000000004a0       0x88 ./Drivers/STM32F7xx_HAL_Driver/Src/stm32f7xx_hal_rcc.o
 .debug_aranges
                0x0000000000000528       0xd0 ./Drivers/STM32F7xx_HAL_Driver/Src/stm32f7xx_hal_sdram.o
 .debug_aranges
                0x00000000000005f8       0xc8 ./Drivers/STM32F7xx_HAL_Driver/Src/stm32f7xx_ll_fmc.o

.debug_ranges   0x0000000000000000      0x5f8
 .debug_ranges  0x0000000000000000       0x40 ./Core/Src/main.o
 .debug_ranges  0x0000000000000040       0x60 ./Core/Src/mt48lc4m32b2.o
 .debug_ranges  0x00000000000000a0       0x30 ./Core/Src/stm32f7xx_hal_msp.o
 .debug_ranges  0x00000000000000d0       0x50 ./Core/Src/stm32f7xx_it.o
 .debug_ranges  0x0000000000000120       0x18 ./Core/Src/system_stm32f7xx.o
 .debug_ranges  0x0000000000000138       0x20 ./Core/Startup/startup_stm32f750n8hx.o
 .debug_ranges  0x0000000000000158       0xf0 ./Drivers/STM32F7xx_HAL_Driver/Src/stm32f7xx_hal.o
 .debug_ranges  0x0000000000000248      0x108 ./Drivers/STM32F7xx_HAL_Driver/Src/stm32f7xx_hal_cortex.o
 .debug_ranges  0x0000000000000350       0x48 ./Drivers/STM32F7xx_HAL_Driver/Src/stm32f7xx_hal_gpio.o
 .debug_ranges  0x0000000000000398       0x70 ./Drivers/STM32F7xx_HAL_Driver/Src/stm32f7xx_hal_pwr_ex.o
 .debug_ranges  0x0000000000000408       0x78 ./Drivers/STM32F7xx_HAL_Driver/Src/stm32f7xx_hal_rcc.o
 .debug_ranges  0x0000000000000480       0xc0 ./Drivers/STM32F7xx_HAL_Driver/Src/stm32f7xx_hal_sdram.o
 .debug_ranges  0x0000000000000540       0xb8 ./Drivers/STM32F7xx_HAL_Driver/Src/stm32f7xx_ll_fmc.o

.debug_macro    0x0000000000000000    0x259ca
 .debug_macro   0x0000000000000000      0x2c2 ./Core/Src/main.o
 .debug_macro   0x00000000000002c2      0xa78 ./Core/Src/main.o
 .debug_macro   0x0000000000000d3a      0x28d ./Core/Src/main.o
 .debug_macro   0x0000000000000fc7       0x2e ./Core/Src/main.o
 .debug_macro   0x0000000000000ff5       0x3b ./Core/Src/main.o
 .debug_macro   0x0000000000001030       0x22 ./Core/Src/main.o
 .debug_macro   0x0000000000001052       0x8e ./Core/Src/main.o
 .debug_macro   0x00000000000010e0       0x51 ./Core/Src/main.o
 .debug_macro   0x0000000000001131      0x103 ./Core/Src/main.o
 .debug_macro   0x0000000000001234       0x6a ./Core/Src/main.o
 .debug_macro   0x000000000000129e      0x1df ./Core/Src/main.o
 .debug_macro   0x000000000000147d       0x1c ./Core/Src/main.o
 .debug_macro   0x0000000000001499       0x22 ./Core/Src/main.o
 .debug_macro   0x00000000000014bb       0xd9 ./Core/Src/main.o
 .debug_macro   0x0000000000001594     0x12cd ./Core/Src/main.o
 .debug_macro   0x0000000000002861      0x11f ./Core/Src/main.o
 .debug_macro   0x0000000000002980       0x19 ./Core/Src/main.o
 .debug_macro   0x0000000000002999    0x19826 ./Core/Src/main.o
 .debug_macro   0x000000000001c1bf       0x43 ./Core/Src/main.o
 .debug_macro   0x000000000001c202     0x36c9 ./Core/Src/main.o
 .debug_macro   0x000000000001f8cb      0x174 ./Core/Src/main.o
 .debug_macro   0x000000000001fa3f       0x63 ./Core/Src/main.o
 .debug_macro   0x000000000001faa2     0x1939 ./Core/Src/main.o
 .debug_macro   0x00000000000213db      0x6c4 ./Core/Src/main.o
 .debug_macro   0x0000000000021a9f      0x185 ./Core/Src/main.o
 .debug_macro   0x0000000000021c24      0x117 ./Core/Src/main.o
 .debug_macro   0x0000000000021d3b      0x1fe ./Core/Src/main.o
 .debug_macro   0x0000000000021f39       0x27 ./Core/Src/main.o
 .debug_macro   0x0000000000021f60      0x24f ./Core/Src/main.o
 .debug_macro   0x00000000000221af       0x41 ./Core/Src/main.o
 .debug_macro   0x00000000000221f0       0x58 ./Core/Src/main.o
 .debug_macro   0x0000000000022248      0x236 ./Core/Src/main.o
 .debug_macro   0x000000000002247e      0x125 ./Core/Src/main.o
 .debug_macro   0x00000000000225a3      0x231 ./Core/Src/main.o
 .debug_macro   0x00000000000227d4       0x12 ./Core/Src/main.o
 .debug_macro   0x00000000000227e6      0x514 ./Core/Src/main.o
 .debug_macro   0x0000000000022cfa      0x22c ./Core/Src/main.o
 .debug_macro   0x0000000000022f26       0x61 ./Core/Src/main.o
 .debug_macro   0x0000000000022f87       0xa5 ./Core/Src/main.o
 .debug_macro   0x000000000002302c      0x12f ./Core/Src/main.o
 .debug_macro   0x000000000002315b      0x108 ./Core/Src/main.o
 .debug_macro   0x0000000000023263       0x35 ./Core/Src/main.o
 .debug_macro   0x0000000000023298      0x14e ./Core/Src/main.o
 .debug_macro   0x00000000000233e6      0x89d ./Core/Src/main.o
 .debug_macro   0x0000000000023c83       0x8e ./Core/Src/main.o
 .debug_macro   0x0000000000023d11       0x52 ./Core/Src/main.o
 .debug_macro   0x0000000000023d63       0x1e ./Core/Src/main.o
 .debug_macro   0x0000000000023d81       0x3c ./Core/Src/main.o
 .debug_macro   0x0000000000023dbd       0x34 ./Core/Src/main.o
 .debug_macro   0x0000000000023df1       0x16 ./Core/Src/main.o
 .debug_macro   0x0000000000023e07       0x43 ./Core/Src/main.o
 .debug_macro   0x0000000000023e4a       0x34 ./Core/Src/main.o
 .debug_macro   0x0000000000023e7e       0x10 ./Core/Src/main.o
 .debug_macro   0x0000000000023e8e       0x58 ./Core/Src/main.o
 .debug_macro   0x0000000000023ee6       0x71 ./Core/Src/main.o
 .debug_macro   0x0000000000023f57       0x1c ./Core/Src/main.o
 .debug_macro   0x0000000000023f73      0x12a ./Core/Src/main.o
 .debug_macro   0x000000000002409d      0x341 ./Core/Src/main.o
 .debug_macro   0x00000000000243de       0x10 ./Core/Src/main.o
 .debug_macro   0x00000000000243ee       0x35 ./Core/Src/main.o
 .debug_macro   0x0000000000024423       0x20 ./Core/Src/main.o
 .debug_macro   0x0000000000024443      0x1e5 ./Core/Src/mt48lc4m32b2.o
 .debug_macro   0x0000000000024628       0x88 ./Core/Src/mt48lc4m32b2.o
 .debug_macro   0x00000000000246b0      0x1e5 ./Core/Src/stm32f7xx_hal_msp.o
 .debug_macro   0x0000000000024895      0x1ef ./Core/Src/stm32f7xx_it.o
 .debug_macro   0x0000000000024a84      0x1d6 ./Core/Src/system_stm32f7xx.o
 .debug_macro   0x0000000000024c5a      0x1fa ./Drivers/STM32F7xx_HAL_Driver/Src/stm32f7xx_hal.o
 .debug_macro   0x0000000000024e54      0x1d6 ./Drivers/STM32F7xx_HAL_Driver/Src/stm32f7xx_hal_cortex.o
 .debug_macro   0x000000000002502a      0x20c ./Drivers/STM32F7xx_HAL_Driver/Src/stm32f7xx_hal_gpio.o
 .debug_macro   0x0000000000025236      0x1ee ./Drivers/STM32F7xx_HAL_Driver/Src/stm32f7xx_hal_pwr_ex.o
 .debug_macro   0x0000000000025424      0x1fa ./Drivers/STM32F7xx_HAL_Driver/Src/stm32f7xx_hal_rcc.o
 .debug_macro   0x000000000002561e      0x1d6 ./Drivers/STM32F7xx_HAL_Driver/Src/stm32f7xx_hal_sdram.o
 .debug_macro   0x00000000000257f4      0x1d6 ./Drivers/STM32F7xx_HAL_Driver/Src/stm32f7xx_ll_fmc.o

.debug_line     0x0000000000000000     0x7de0
 .debug_line    0x0000000000000000      0xd61 ./Core/Src/main.o
 .debug_line    0x0000000000000d61      0x86e ./Core/Src/mt48lc4m32b2.o
 .debug_line    0x00000000000015cf      0x7a9 ./Core/Src/stm32f7xx_hal_msp.o
 .debug_line    0x0000000000001d78      0x77c ./Core/Src/stm32f7xx_it.o
 .debug_line    0x00000000000024f4      0x739 ./Core/Src/system_stm32f7xx.o
 .debug_line    0x0000000000002c2d       0x88 ./Core/Startup/startup_stm32f750n8hx.o
 .debug_line    0x0000000000002cb5      0x9ca ./Drivers/STM32F7xx_HAL_Driver/Src/stm32f7xx_hal.o
 .debug_line    0x000000000000367f      0xc50 ./Drivers/STM32F7xx_HAL_Driver/Src/stm32f7xx_hal_cortex.o
 .debug_line    0x00000000000042cf      0xb4c ./Drivers/STM32F7xx_HAL_Driver/Src/stm32f7xx_hal_gpio.o
 .debug_line    0x0000000000004e1b      0x93f ./Drivers/STM32F7xx_HAL_Driver/Src/stm32f7xx_hal_pwr_ex.o
 .debug_line    0x000000000000575a      0xe0b ./Drivers/STM32F7xx_HAL_Driver/Src/stm32f7xx_hal_rcc.o
 .debug_line    0x0000000000006565      0xc09 ./Drivers/STM32F7xx_HAL_Driver/Src/stm32f7xx_hal_sdram.o
 .debug_line    0x000000000000716e      0xc72 ./Drivers/STM32F7xx_HAL_Driver/Src/stm32f7xx_ll_fmc.o

.debug_str      0x0000000000000000    0xe7343
 .debug_str     0x0000000000000000    0xe5575 ./Core/Src/main.o
                                      0xe5cfb (size before relaxing)
 .debug_str     0x00000000000e5575      0x1dc ./Core/Src/mt48lc4m32b2.o
                                      0xe0bc7 (size before relaxing)
 .debug_str     0x00000000000e5751       0xad ./Core/Src/stm32f7xx_hal_msp.o
                                      0xe26e4 (size before relaxing)
 .debug_str     0x00000000000e57fe       0xc9 ./Core/Src/stm32f7xx_it.o
                                      0xe2153 (size before relaxing)
 .debug_str     0x00000000000e58c7       0x87 ./Core/Src/system_stm32f7xx.o
                                      0xe03dc (size before relaxing)
 .debug_str     0x00000000000e594e       0x36 ./Core/Startup/startup_stm32f750n8hx.o
                                         0x68 (size before relaxing)
 .debug_str     0x00000000000e5984      0x9b7 ./Drivers/STM32F7xx_HAL_Driver/Src/stm32f7xx_hal.o
                                      0xe0d54 (size before relaxing)
 .debug_str     0x00000000000e633b      0x32d ./Drivers/STM32F7xx_HAL_Driver/Src/stm32f7xx_hal_cortex.o
                                      0xe0d3f (size before relaxing)
 .debug_str     0x00000000000e6668      0x20b ./Drivers/STM32F7xx_HAL_Driver/Src/stm32f7xx_hal_gpio.o
                                      0xe059b (size before relaxing)
 .debug_str     0x00000000000e6873      0x1d1 ./Drivers/STM32F7xx_HAL_Driver/Src/stm32f7xx_hal_pwr_ex.o
                                      0xe064b (size before relaxing)
 .debug_str     0x00000000000e6a44      0x252 ./Drivers/STM32F7xx_HAL_Driver/Src/stm32f7xx_hal_rcc.o
                                      0xe073e (size before relaxing)
 .debug_str     0x00000000000e6c96      0x319 ./Drivers/STM32F7xx_HAL_Driver/Src/stm32f7xx_hal_sdram.o
                                      0xe09c7 (size before relaxing)
 .debug_str     0x00000000000e6faf      0x394 ./Drivers/STM32F7xx_HAL_Driver/Src/stm32f7xx_ll_fmc.o
                                      0xe081d (size before relaxing)

.comment        0x0000000000000000       0x50
 .comment       0x0000000000000000       0x50 ./Core/Src/main.o
                                         0x51 (size before relaxing)
 .comment       0x0000000000000050       0x51 ./Core/Src/mt48lc4m32b2.o
 .comment       0x0000000000000050       0x51 ./Core/Src/stm32f7xx_hal_msp.o
 .comment       0x0000000000000050       0x51 ./Core/Src/stm32f7xx_it.o
 .comment       0x0000000000000050       0x51 ./Core/Src/system_stm32f7xx.o
 .comment       0x0000000000000050       0x51 ./Drivers/STM32F7xx_HAL_Driver/Src/stm32f7xx_hal.o
 .comment       0x0000000000000050       0x51 ./Drivers/STM32F7xx_HAL_Driver/Src/stm32f7xx_hal_cortex.o
 .comment       0x0000000000000050       0x51 ./Drivers/STM32F7xx_HAL_Driver/Src/stm32f7xx_hal_gpio.o
 .comment       0x0000000000000050       0x51 ./Drivers/STM32F7xx_HAL_Driver/Src/stm32f7xx_hal_pwr_ex.o
 .comment       0x0000000000000050       0x51 ./Drivers/STM32F7xx_HAL_Driver/Src/stm32f7xx_hal_rcc.o
 .comment       0x0000000000000050       0x51 ./Drivers/STM32F7xx_HAL_Driver/Src/stm32f7xx_hal_sdram.o
 .comment       0x0000000000000050       0x51 ./Drivers/STM32F7xx_HAL_Driver/Src/stm32f7xx_ll_fmc.o

.debug_frame    0x0000000000000000     0x19d8
 .debug_frame   0x0000000000000000       0xfc ./Core/Src/main.o
 .debug_frame   0x00000000000000fc      0x19c ./Core/Src/mt48lc4m32b2.o
 .debug_frame   0x0000000000000298       0xc0 ./Core/Src/stm32f7xx_hal_msp.o
 .debug_frame   0x0000000000000358      0x104 ./Core/Src/stm32f7xx_it.o
 .debug_frame   0x000000000000045c       0x58 ./Core/Src/system_stm32f7xx.o
 .debug_frame   0x00000000000004b4      0x3b4 ./Drivers/STM32F7xx_HAL_Driver/Src/stm32f7xx_hal.o
 .debug_frame   0x0000000000000868      0x498 ./Drivers/STM32F7xx_HAL_Driver/Src/stm32f7xx_hal_cortex.o
 .debug_frame   0x0000000000000d00      0x14c ./Drivers/STM32F7xx_HAL_Driver/Src/stm32f7xx_hal_gpio.o
 .debug_frame   0x0000000000000e4c      0x1c8 ./Drivers/STM32F7xx_HAL_Driver/Src/stm32f7xx_hal_pwr_ex.o
 .debug_frame   0x0000000000001014      0x1f8 ./Drivers/STM32F7xx_HAL_Driver/Src/stm32f7xx_hal_rcc.o
 .debug_frame   0x000000000000120c      0x37c ./Drivers/STM32F7xx_HAL_Driver/Src/stm32f7xx_hal_sdram.o
 .debug_frame   0x0000000000001588      0x37c ./Drivers/STM32F7xx_HAL_Driver/Src/stm32f7xx_ll_fmc.o
 .debug_frame   0x0000000000001904       0x2c c:/st/stm32cubeide_1.12.1/stm32cubeide/plugins/com.st.stm32cube.ide.mcu.externaltools.gnu-tools-for-stm32.10.3-2021.10.win32_1.0.200.202301161003/tools/bin/../lib/gcc/arm-none-eabi/10.3.1/../../../../arm-none-eabi/lib/thumb/v7e-m+fp/hard\libc_nano.a(lib_a-init.o)
 .debug_frame   0x0000000000001930       0x28 c:/st/stm32cubeide_1.12.1/stm32cubeide/plugins/com.st.stm32cube.ide.mcu.externaltools.gnu-tools-for-stm32.10.3-2021.10.win32_1.0.200.202301161003/tools/bin/../lib/gcc/arm-none-eabi/10.3.1/../../../../arm-none-eabi/lib/thumb/v7e-m+fp/hard\libc_nano.a(lib_a-memcpy-stub.o)
 .debug_frame   0x0000000000001958       0x20 c:/st/stm32cubeide_1.12.1/stm32cubeide/plugins/com.st.stm32cube.ide.mcu.externaltools.gnu-tools-for-stm32.10.3-2021.10.win32_1.0.200.202301161003/tools/bin/../lib/gcc/arm-none-eabi/10.3.1/../../../../arm-none-eabi/lib/thumb/v7e-m+fp/hard\libc_nano.a(lib_a-memset.o)
 .debug_frame   0x0000000000001978       0x2c c:/st/stm32cubeide_1.12.1/stm32cubeide/plugins/com.st.stm32cube.ide.mcu.externaltools.gnu-tools-for-stm32.10.3-2021.10.win32_1.0.200.202301161003/tools/bin/../lib/gcc/arm-none-eabi/10.3.1/thumb/v7e-m+fp/hard\libgcc.a(_aeabi_uldivmod.o)
 .debug_frame   0x00000000000019a4       0x34 c:/st/stm32cubeide_1.12.1/stm32cubeide/plugins/com.st.stm32cube.ide.mcu.externaltools.gnu-tools-for-stm32.10.3-2021.10.win32_1.0.200.202301161003/tools/bin/../lib/gcc/arm-none-eabi/10.3.1/thumb/v7e-m+fp/hard\libgcc.a(_udivmoddi4.o)
