../Drivers/CMSIS/Include/core_cm7.h:2229:22:SCB_EnableICache	4	static,ignoring_inline_asm
../Drivers/CMSIS/Include/core_cm7.h:2281:22:SCB_EnableDCache	24	static,ignoring_inline_asm
../Core/Src/main.c:46:5:_write	24	static
../Core/Src/main.c:81:5:main	16	static
../Core/Src/main.c:156:13:Fill_Buffer	32	static
../Core/Src/main.c:168:6:SystemClock_Config	88	static
../Core/Src/main.c:213:13:MX_USART1_UART_Init	8	static
../Core/Src/main.c:243:13:MX_FMC_Init	72	static
../Core/Src/main.c:302:13:MX_GPIO_Init	72	static
../Core/Src/main.c:767:6:Error_Handler	4	static,ignoring_inline_asm
